// Jest Snapshot v1, https://goo.gl/fbAQLP

exports[`<Timeline /> should render default styles 1`] = `
<View
  style={
    Array [
      Object {
        "alignItems": "center",
        "backgroundColor": "#fafafa",
        "paddingBottom": 0,
        "paddingLeft": 15,
        "paddingRight": 15,
        "paddingTop": 0,
      },
    ]
  }
>
  <View
    style={
      Array [
        Object {
          "flexDirection": "row",
          "justifyContent": "space-between",
          "marginBottom": 5,
          "marginLeft": 0,
          "marginRight": 0,
          "marginTop": 5,
          "width": "100%",
        },
      ]
    }
  >
    <Text
      checked={true}
      style={
        Array [
          Object {
            "color": "#707070",
            "fontSize": 16,
          },
        ]
      }
    >
      ENTRADA:
    </Text>
    <Text
      checked={true}
      style={
        Array [
          Object {
            "color": "#707070",
            "fontSize": 16,
          },
        ]
      }
    >
      06:00
    </Text>
  </View>
  <View
    style={
      Array [
        Object {
          "flexDirection": "row",
          "justifyContent": "space-between",
          "marginBottom": 5,
          "marginLeft": 0,
          "marginRight": 0,
          "marginTop": 5,
          "width": "100%",
        },
      ]
    }
  >
    <Text
      checked={false}
      style={
        Array [
          Object {
            "color": "#AEAEAE",
            "fontSize": 16,
          },
        ]
      }
    >
      SAÍDA:
    </Text>
    <Text
      checked={false}
      style={
        Array [
          Object {
            "color": "#AEAEAE",
            "fontSize": 16,
          },
        ]
      }
    >
      10:00
    </Text>
  </View>
  <View
    style={
      Array [
        Object {
          "flexDirection": "row",
          "justifyContent": "space-between",
          "marginBottom": 5,
          "marginLeft": 0,
          "marginRight": 0,
          "marginTop": 5,
          "width": "100%",
        },
      ]
    }
  >
    <Text
      checked={false}
      style={
        Array [
          Object {
            "color": "#AEAEAE",
            "fontSize": 16,
          },
        ]
      }
    >
      ENTRADA:
    </Text>
    <Text
      checked={false}
      style={
        Array [
          Object {
            "color": "#AEAEAE",
            "fontSize": 16,
          },
        ]
      }
    >
      12:00
    </Text>
  </View>
  <View
    style={
      Array [
        Object {
          "flexDirection": "row",
          "justifyContent": "space-between",
          "marginBottom": 5,
          "marginLeft": 0,
          "marginRight": 0,
          "marginTop": 5,
          "width": "100%",
        },
      ]
    }
  >
    <Text
      checked={false}
      style={
        Array [
          Object {
            "color": "#AEAEAE",
            "fontSize": 16,
          },
        ]
      }
    >
      SAÍDA:
    </Text>
    <Text
      checked={false}
      style={
        Array [
          Object {
            "color": "#AEAEAE",
            "fontSize": 16,
          },
        ]
      }
    >
      18:00
    </Text>
  </View>
</View>
`;
