// Jest Snapshot v1, https://goo.gl/fbAQLP

exports[`<Label /> Estrutura do layout 1`] = `
<View
  style={
    Array [
      Object {},
    ]
  }
>
  <Text
    style={
      Array [
        Object {
          "color": "#fff",
          "fontSize": 20,
        },
      ]
    }
  >
    label
  </Text>
</View>
`;
