// Jest Snapshot v1, https://goo.gl/fbAQLP

exports[`<Button /> Teste de Estrutura 1`] = `
<View
  accessible={true}
  focusable={true}
  onClick={[Function]}
  onResponderGrant={[Function]}
  onResponderMove={[Function]}
  onResponderRelease={[Function]}
  onResponderTerminate={[Function]}
  onResponderTerminationRequest={[Function]}
  onStartShouldSetResponder={[Function]}
  style={
    Object {
      "alignItems": "center",
      "backgroundColor": "#5762F2",
      "borderRadius": 200,
      "opacity": 1,
      "paddingBottom": 10,
      "paddingLeft": 15,
      "paddingRight": 15,
      "paddingTop": 10,
      "width": 200,
    }
  }
>
  <Text
    style={
      Array [
        Object {
          "color": "#fafafa",
          "fontSize": 22,
        },
      ]
    }
  >
    Button
  </Text>
</View>
`;
