// Jest Snapshot v1, https://goo.gl/fbAQLP

exports[`<Menu> Testing layout/styles 1`] = `
<View
  style={
    Array [
      Object {},
    ]
  }
>
  <RCTScrollView
    horizontal={true}
    showsHorizontalScrollIndicator={false}
    style={
      Array [
        Object {
          "height": 120,
        },
      ]
    }
  >
    <View>
      <View
        accessible={true}
        focusable={false}
        onClick={[Function]}
        onResponderGrant={[Function]}
        onResponderMove={[Function]}
        onResponderRelease={[Function]}
        onResponderTerminate={[Function]}
        onResponderTerminationRequest={[Function]}
        onStartShouldSetResponder={[Function]}
        style={
          Object {
            "backgroundColor": "#5762F2",
            "borderRadius": 5,
            "height": 100,
            "justifyContent": "space-between",
            "marginRight": 10,
            "opacity": 1,
            "paddingBottom": 10,
            "paddingLeft": 10,
            "paddingRight": 10,
            "paddingTop": 10,
            "width": 90,
          }
        }
      >
        <Text
          style={
            Array [
              Object {
                "color": "#fafafa",
              },
            ]
          }
        >
          Indicar amigos
        </Text>
      </View>
      <View
        accessible={true}
        focusable={false}
        onClick={[Function]}
        onResponderGrant={[Function]}
        onResponderMove={[Function]}
        onResponderRelease={[Function]}
        onResponderTerminate={[Function]}
        onResponderTerminationRequest={[Function]}
        onStartShouldSetResponder={[Function]}
        style={
          Object {
            "backgroundColor": "#5762F2",
            "borderRadius": 5,
            "height": 100,
            "justifyContent": "space-between",
            "marginRight": 10,
            "opacity": 1,
            "paddingBottom": 10,
            "paddingLeft": 10,
            "paddingRight": 10,
            "paddingTop": 10,
            "width": 90,
          }
        }
      >
        <Text
          style={
            Array [
              Object {
                "color": "#fafafa",
              },
            ]
          }
        >
          Depositar
        </Text>
      </View>
      <View
        accessible={true}
        focusable={false}
        onClick={[Function]}
        onResponderGrant={[Function]}
        onResponderMove={[Function]}
        onResponderRelease={[Function]}
        onResponderTerminate={[Function]}
        onResponderTerminationRequest={[Function]}
        onStartShouldSetResponder={[Function]}
        style={
          Object {
            "backgroundColor": "#5762F2",
            "borderRadius": 5,
            "height": 100,
            "justifyContent": "space-between",
            "marginRight": 10,
            "opacity": 1,
            "paddingBottom": 10,
            "paddingLeft": 10,
            "paddingRight": 10,
            "paddingTop": 10,
            "width": 90,
          }
        }
      >
        <Text
          style={
            Array [
              Object {
                "color": "#fafafa",
              },
            ]
          }
        >
          Transferir
        </Text>
      </View>
      <View
        accessible={true}
        focusable={false}
        onClick={[Function]}
        onResponderGrant={[Function]}
        onResponderMove={[Function]}
        onResponderRelease={[Function]}
        onResponderTerminate={[Function]}
        onResponderTerminationRequest={[Function]}
        onStartShouldSetResponder={[Function]}
        style={
          Object {
            "backgroundColor": "#5762F2",
            "borderRadius": 5,
            "height": 100,
            "justifyContent": "space-between",
            "marginRight": 10,
            "opacity": 1,
            "paddingBottom": 10,
            "paddingLeft": 10,
            "paddingRight": 10,
            "paddingTop": 10,
            "width": 90,
          }
        }
      >
        <Text
          style={
            Array [
              Object {
                "color": "#fafafa",
              },
            ]
          }
        >
          Ajustar Limite
        </Text>
      </View>
      <View
        accessible={true}
        focusable={false}
        onClick={[Function]}
        onResponderGrant={[Function]}
        onResponderMove={[Function]}
        onResponderRelease={[Function]}
        onResponderTerminate={[Function]}
        onResponderTerminationRequest={[Function]}
        onStartShouldSetResponder={[Function]}
        style={
          Object {
            "backgroundColor": "#5762F2",
            "borderRadius": 5,
            "height": 100,
            "justifyContent": "space-between",
            "marginRight": 10,
            "opacity": 1,
            "paddingBottom": 10,
            "paddingLeft": 10,
            "paddingRight": 10,
            "paddingTop": 10,
            "width": 90,
          }
        }
      >
        <Text
          style={
            Array [
              Object {
                "color": "#fafafa",
              },
            ]
          }
        >
          Cartão virtual
        </Text>
      </View>
      <View
        accessible={true}
        focusable={false}
        onClick={[Function]}
        onResponderGrant={[Function]}
        onResponderMove={[Function]}
        onResponderRelease={[Function]}
        onResponderTerminate={[Function]}
        onResponderTerminationRequest={[Function]}
        onStartShouldSetResponder={[Function]}
        style={
          Object {
            "backgroundColor": "#5762F2",
            "borderRadius": 5,
            "height": 100,
            "justifyContent": "space-between",
            "marginRight": 10,
            "opacity": 1,
            "paddingBottom": 10,
            "paddingLeft": 10,
            "paddingRight": 10,
            "paddingTop": 10,
            "width": 90,
          }
        }
      >
        <Text
          style={
            Array [
              Object {
                "color": "#fafafa",
              },
            ]
          }
        >
          Pagar
        </Text>
      </View>
      <View
        accessible={true}
        focusable={false}
        onClick={[Function]}
        onResponderGrant={[Function]}
        onResponderMove={[Function]}
        onResponderRelease={[Function]}
        onResponderTerminate={[Function]}
        onResponderTerminationRequest={[Function]}
        onStartShouldSetResponder={[Function]}
        style={
          Object {
            "backgroundColor": "#5762F2",
            "borderRadius": 5,
            "height": 100,
            "justifyContent": "space-between",
            "marginRight": 10,
            "opacity": 1,
            "paddingBottom": 10,
            "paddingLeft": 10,
            "paddingRight": 10,
            "paddingTop": 10,
            "width": 90,
          }
        }
      >
        <Text
          style={
            Array [
              Object {
                "color": "#fafafa",
              },
            ]
          }
        >
          Bloquear cartão
        </Text>
      </View>
    </View>
  </RCTScrollView>
</View>
`;
