// Jest Snapshot v1, https://goo.gl/fbAQLP

exports[`<DataTime /> should render default layout 1`] = `
<View
  style={
    Array [
      Object {
        "alignItems": "center",
        "justifyContent": "center",
      },
    ]
  }
>
  <Text
    style={
      Array [
        Object {
          "color": "#fafafa",
          "fontSize": 40,
        },
      ]
    }
  >
    
  </Text>
  <Text
    style={
      Array [
        Object {
          "color": "#fafafa",
          "fontSize": 40,
        },
      ]
    }
  >
    
  </Text>
</View>
`;
