// Jest Snapshot v1, https://goo.gl/fbAQLP

exports[`<Input> Testing layout and style 1`] = `
<View
  style={
    Array [
      Object {
        "backgroundColor": "#fafafa",
        "borderRadius": 3,
        "marginBottom": 5,
        "marginLeft": 5,
        "marginRight": 5,
        "marginTop": 5,
      },
    ]
  }
>
  <TextInput
    allowFontScaling={true}
    placeholder="placeholder"
    rejectResponderTermination={true}
    style={
      Array [
        Object {
          "color": "#070E70",
          "fontSize": 22,
          "paddingBottom": 10,
          "paddingLeft": 10,
          "paddingRight": 10,
          "paddingTop": 10,
        },
      ]
    }
    underlineColorAndroid="transparent"
  />
</View>
`;
